warn: Microsoft.AspNetCore.DataProtection.Repositories.EphemeralXmlRepository[50]
      Using an in-memory repository. Keys will not be persisted to storage.
warn: Microsoft.AspNetCore.DataProtection.KeyManagement.XmlKeyManager[59]
      Neither user profile nor HKLM registry available. Using an ephemeral key repository. Protected data will be unavailable when application exits.
warn: Microsoft.AspNetCore.DataProtection.KeyManagement.XmlKeyManager[35]
      No XML encryptor configured. Key {d1f5119d-a1e0-4592-a5be-70d5809121f5} may be persisted to storage in unencrypted form.
info: Microsoft.Hosting.Lifetime[0]
      Application started. Press Ctrl+C to shut down.
info: Microsoft.Hosting.Lifetime[0]
      Hosting environment: Production
info: Microsoft.Hosting.Lifetime[0]
      Content root path: C:\Users\kaiky\Downloads\kaka\C#\ProjetosAspNet\EduCoreProjeto\EduCore\EduCore.Api\bin\release\net10.0\publish
warn: Microsoft.AspNetCore.HttpsPolicy.HttpsRedirectionMiddleware[3]
      Failed to determine the https port for redirect.
info: Microsoft.EntityFrameworkCore.Database.Command[20101]
      Executed DbCommand (116ms) [Parameters=[@__model_Name_0='?' (Size = 120)], CommandType='Text', CommandTimeout='30']
      SELECT `u`.`Id`, `u`.`ExpiredRefreshToken`, `u`.`Name`, `u`.`PasswordHash`, `u`.`RefreshToken`, `u`.`_roles`
      FROM `Users` AS `u`
      WHERE `u`.`Name` = @__model_Name_0
      LIMIT 1
info: Microsoft.EntityFrameworkCore.Database.Command[20101]
      Executed DbCommand (39ms) [Parameters=[@p0='?' (Size = 4000), @p1='?' (DbType = DateTime), @p2='?' (Size = 120), @p3='?' (Size = 4000), @p4='?' (Size = 4000), @p5='?' (Size = 4000)], CommandType='Text', CommandTimeout='30']
      INSERT INTO `Email` (`Adress`)
      VALUES (@p0);
      SELECT `Id`
      FROM `Email`
      WHERE ROW_COUNT() = 1 AND `Id` = LAST_INSERT_ID();
      
      INSERT INTO `Users` (`ExpiredRefreshToken`, `Name`, `PasswordHash`, `RefreshToken`, `_roles`)
      VALUES (@p1, @p2, @p3, @p4, @p5);
      SELECT `Id`
      FROM `Users`
      WHERE ROW_COUNT() = 1 AND `Id` = LAST_INSERT_ID();
info: Microsoft.EntityFrameworkCore.Database.Command[20101]
      Executed DbCommand (16ms) [Parameters=[@p6='?' (DbType = Int32), @p7='?' (DbType = Int32)], CommandType='Text', CommandTimeout='30']
      INSERT INTO `Providers` (`EmailId`, `UserId`)
      VALUES (@p6, @p7);
      SELECT `Id`
      FROM `Providers`
      WHERE ROW_COUNT() = 1 AND `Id` = LAST_INSERT_ID();
info: Microsoft.EntityFrameworkCore.Database.Command[20101]
      Executed DbCommand (2ms) [Parameters=[@__model_Name_0='?' (Size = 120)], CommandType='Text', CommandTimeout='30']
      SELECT `u`.`Id`, `u`.`ExpiredRefreshToken`, `u`.`Name`, `u`.`PasswordHash`, `u`.`RefreshToken`, `u`.`_roles`
      FROM `Users` AS `u`
      WHERE `u`.`Name` = @__model_Name_0
      LIMIT 1
info: Microsoft.EntityFrameworkCore.Database.Command[20101]
      Executed DbCommand (16ms) [Parameters=[@p5='?' (DbType = Int32), @p0='?' (DbType = DateTime), @p1='?' (Size = 120), @p2='?' (Size = 4000), @p3='?' (Size = 4000), @p4='?' (Size = 4000)], CommandType='Text', CommandTimeout='30']
      SET AUTOCOMMIT = 1;
      UPDATE `Users` SET `ExpiredRefreshToken` = @p0, `Name` = @p1, `PasswordHash` = @p2, `RefreshToken` = @p3, `_roles` = @p4
      WHERE `Id` = @p5;
      SELECT ROW_COUNT();
info: Microsoft.EntityFrameworkCore.Database.Command[20101]
      Executed DbCommand (3ms) [Parameters=[@__model_Name_0='?' (Size = 120)], CommandType='Text', CommandTimeout='30']
      SELECT `u`.`Id`, `u`.`ExpiredRefreshToken`, `u`.`Name`, `u`.`PasswordHash`, `u`.`RefreshToken`, `u`.`_roles`
      FROM `Users` AS `u`
      WHERE `u`.`Name` = @__model_Name_0
      LIMIT 1
info: Microsoft.EntityFrameworkCore.Database.Command[20101]
      Executed DbCommand (1ms) [Parameters=[@__model_Name_0='?' (Size = 120)], CommandType='Text', CommandTimeout='30']
      SELECT `u`.`Id`, `u`.`ExpiredRefreshToken`, `u`.`Name`, `u`.`PasswordHash`, `u`.`RefreshToken`, `u`.`_roles`
      FROM `Users` AS `u`
      WHERE `u`.`Name` = @__model_Name_0
      LIMIT 1
info: Microsoft.EntityFrameworkCore.Database.Command[20101]
      Executed DbCommand (4ms) [Parameters=[@p5='?' (DbType = Int32), @p0='?' (DbType = DateTime), @p1='?' (Size = 120), @p2='?' (Size = 4000), @p3='?' (Size = 4000), @p4='?' (Size = 4000)], CommandType='Text', CommandTimeout='30']
      SET AUTOCOMMIT = 1;
      UPDATE `Users` SET `ExpiredRefreshToken` = @p0, `Name` = @p1, `PasswordHash` = @p2, `RefreshToken` = @p3, `_roles` = @p4
      WHERE `Id` = @p5;
      SELECT ROW_COUNT();
info: Microsoft.EntityFrameworkCore.Database.Command[20101]
      Executed DbCommand (3ms) [Parameters=[@__model_Name_0='?' (Size = 120)], CommandType='Text', CommandTimeout='30']
      SELECT `u`.`Id`, `u`.`ExpiredRefreshToken`, `u`.`Name`, `u`.`PasswordHash`, `u`.`RefreshToken`, `u`.`_roles`
      FROM `Users` AS `u`
      WHERE `u`.`Name` = @__model_Name_0
      LIMIT 1
info: Microsoft.EntityFrameworkCore.Database.Command[20101]
      Executed DbCommand (6ms) [Parameters=[@p5='?' (DbType = Int32), @p0='?' (DbType = DateTime), @p1='?' (Size = 120), @p2='?' (Size = 4000), @p3='?' (Size = 4000), @p4='?' (Size = 4000)], CommandType='Text', CommandTimeout='30']
      SET AUTOCOMMIT = 1;
      UPDATE `Users` SET `ExpiredRefreshToken` = @p0, `Name` = @p1, `PasswordHash` = @p2, `RefreshToken` = @p3, `_roles` = @p4
      WHERE `Id` = @p5;
      SELECT ROW_COUNT();
info: Microsoft.Hosting.Lifetime[0]
      Application is shutting down...
