warn: Microsoft.AspNetCore.DataProtection.Repositories.EphemeralXmlRepository[50]
      Using an in-memory repository. Keys will not be persisted to storage.
warn: Microsoft.AspNetCore.DataProtection.KeyManagement.XmlKeyManager[59]
      Neither user profile nor HKLM registry available. Using an ephemeral key repository. Protected data will be unavailable when application exits.
warn: Microsoft.AspNetCore.DataProtection.KeyManagement.XmlKeyManager[35]
      No XML encryptor configured. Key {51a24b4f-079d-4880-adc7-7d5c9a42cb7f} may be persisted to storage in unencrypted form.
info: Microsoft.Hosting.Lifetime[0]
      Application started. Press Ctrl+C to shut down.
info: Microsoft.Hosting.Lifetime[0]
      Hosting environment: Production
info: Microsoft.Hosting.Lifetime[0]
      Content root path: C:\Users\kaiky\Downloads\kaka\C#\ProjetosAspNet\EduCoreProjeto\EduCore\EduCore.Api\bin\release\net10.0\publish
warn: Microsoft.AspNetCore.HttpsPolicy.HttpsRedirectionMiddleware[3]
      Failed to determine the https port for redirect.
info: Microsoft.EntityFrameworkCore.Database.Command[20101]
      Executed DbCommand (66ms) [Parameters=[@__model_Name_0='?' (Size = 120)], CommandType='Text', CommandTimeout='30']
      SELECT `u`.`Id`, `u`.`ExpiredRefreshToken`, `u`.`Name`, `u`.`PasswordHash`, `u`.`RefreshToken`, `u`.`_roles`
      FROM `Users` AS `u`
      WHERE `u`.`Name` = @__model_Name_0
      LIMIT 1
info: Microsoft.EntityFrameworkCore.Database.Command[20101]
      Executed DbCommand (12ms) [Parameters=[@p5='?' (DbType = Int32), @p0='?' (DbType = DateTime), @p1='?' (Size = 120), @p2='?' (Size = 4000), @p3='?' (Size = 4000), @p4='?' (Size = 4000)], CommandType='Text', CommandTimeout='30']
      SET AUTOCOMMIT = 1;
      UPDATE `Users` SET `ExpiredRefreshToken` = @p0, `Name` = @p1, `PasswordHash` = @p2, `RefreshToken` = @p3, `_roles` = @p4
      WHERE `Id` = @p5;
      SELECT ROW_COUNT();
info: Microsoft.Hosting.Lifetime[0]
      Application is shutting down...
